// Jest Snapshot v1, https://goo.gl/fbAQLP

exports[`should render the component correctly 1`] = `
<View
  style={
    Array [
      Object {
        "alignItems": "center",
        "backgroundColor": "#ffff",
        "borderColor": "#e6e9ee",
        "borderRadius": 8,
        "borderWidth": 1,
        "justifyContent": "center",
        "marginHorizontal": 16,
        "marginVertical": 8,
      },
    ]
  }
>
  <Text
    style={
      Array [
        Object {
          "fontSize": 18,
          "textAlign": "center",
        },
      ]
    }
  >
    13.1. target 13
  </Text>
</View>
`;
